nohup: ignoring input
wandb: Currently logged in as: rfeliu (rfeliu-iwr) to https://api.wandb.ai. Use `wandb login --relogin` to force relogin
wandb: Tracking run with wandb version 0.19.11
wandb: Run data is saved locally in /export/home/rfeliu/sbi_model_comparison/other/wandb/run-20250512_113301-pocjxzla
wandb: Run `wandb offline` to turn off syncing.
wandb: Syncing run run_01
wandb: ⭐️ View project at https://wandb.ai/rfeliu-iwr/cnn-multigpu-resnet-circular
wandb: 🚀 View run at https://wandb.ai/rfeliu-iwr/cnn-multigpu-resnet-circular/runs/pocjxzla
/export/home/rfeliu/sbi_model_comparison/.venv/lib/python3.12/site-packages/torchvision/models/_utils.py:208: UserWarning: The parameter 'pretrained' is deprecated since 0.13 and may be removed in the future, please use 'weights' instead.
  warnings.warn(
/export/home/rfeliu/sbi_model_comparison/.venv/lib/python3.12/site-packages/torchvision/models/_utils.py:223: UserWarning: Arguments other than a weight enum or `None` for 'weights' are deprecated since 0.13 and may be removed in the future. The current behavior is equivalent to passing `weights=ResNet18_Weights.IMAGENET1K_V1`. You can also use `weights=ResNet18_Weights.DEFAULT` to get the most up-to-date weights.
  warnings.warn(msg)
images.shape=torch.Size([3601, 256, 256]), labels.shape=torch.Size([3601])
Epoch 10, Loss: 0.0954
Epoch 20, Loss: 0.0924
Epoch 30, Loss: 0.0912
Epoch 40, Loss: 0.0914
Epoch 50, Loss: 0.0910
Epoch 60, Loss: 0.0901
Epoch 70, Loss: 0.0908
Epoch 80, Loss: 0.0900
Epoch 90, Loss: 0.0904
Epoch 100, Loss: 0.0901
Temps d'entrenament: 16447.81 segons
MAE: 3.66°, Desviació estàndar: 2.68°
MAE: 3.66°, IC 95%: [0.15°, 9.86°]
Mediana: 3.19°
Percentils (25%-75%): 1.55° – 5.24°
Màxim error: 31.05°
Traceback (most recent call last):
  File "/export/home/rfeliu/sbi_model_comparison/other/Circular_Regression_ResNet.py", line 370, in <module>
    plt.hist(errors, bins=50, color='skyblue', edgecolor='black')
  File "/export/home/rfeliu/sbi_model_comparison/.venv/lib/python3.12/site-packages/matplotlib/_api/deprecation.py", line 453, in wrapper
    return func(*args, **kwargs)
           ^^^^^^^^^^^^^^^^^^^^^
  File "/export/home/rfeliu/sbi_model_comparison/.venv/lib/python3.12/site-packages/matplotlib/pyplot.py", line 3467, in hist
    return gca().hist(
           ^^^^^^^^^^^
  File "/export/home/rfeliu/sbi_model_comparison/.venv/lib/python3.12/site-packages/matplotlib/_api/deprecation.py", line 453, in wrapper
    return func(*args, **kwargs)
           ^^^^^^^^^^^^^^^^^^^^^
  File "/export/home/rfeliu/sbi_model_comparison/.venv/lib/python3.12/site-packages/matplotlib/__init__.py", line 1521, in inner
    return func(
           ^^^^^
  File "/export/home/rfeliu/sbi_model_comparison/.venv/lib/python3.12/site-packages/matplotlib/axes/_axes.py", line 7080, in hist
    raise ValueError(f"The 'color' keyword argument must have one "
ValueError: The 'color' keyword argument must have one color per dataset, but 2 datasets and 1 colors were provided
[1;34mwandb[0m: 
[1;34mwandb[0m: 🚀 View run [33mrun_01[0m at: [34mhttps://wandb.ai/rfeliu-iwr/cnn-multigpu-resnet-circular/runs/pocjxzla[0m
[1;34mwandb[0m: Find logs at: [1;35mwandb/run-20250512_113301-pocjxzla/logs[0m
